// Jest Snapshot v1, https://goo.gl/fbAQLP

exports[`Renders Hero List Item 1`] = `
<div
  className="MuiPaper-root MuiPaper-elevation MuiPaper-rounded MuiPaper-elevation0 css-exxhi9-MuiPaper-root"
  id="hero-list-item-whatever-id"
  onClick={[Function]}
  onMouseEnter={[Function]}
  onMouseLeave={[Function]}
  onTouchEnd={[Function]}
  onTouchStart={[Function]}
>
  <div
    className="MuiBox-root css-umn51s"
  >
    <img
      alt="Full Metal avatar"
      height="90px"
      src="http://www.google.com/images/wtv"
      width="90px"
    />
  </div>
  <p
    className="MuiTypography-root MuiTypography-body1 css-1slgovd-MuiTypography-root"
  >
    Full Metal
  </p>
  <p
    className="MuiTypography-root MuiTypography-body1 css-1748e8y-MuiTypography-root"
  >
    human
  </p>
  <p
    className="MuiTypography-root MuiTypography-body1 css-7fl3xu-MuiTypography-root"
  >
    dangerous
  </p>
</div>
`;
